Processing waveshare-esp32-s3-amoled (platform: https://github.com/pioarduino/platform-espressif32/releases/download/stable/platform-espressif32.zip; board: esp32-s3-devkitc-1; framework: arduino)
--------------------------------------------------------------------------------
Verbose mode can be enabled via `-v, --verbose` option
CONFIGURATION: https://docs.platformio.org/page/boards/espressif32/esp32-s3-devkitc-1.html
PLATFORM: Espressif 32 (55.3.311) > Espressif ESP32-S3-DevKitC-1-N8 (8 MB QD, No PSRAM)
HARDWARE: ESP32S3 240MHz, 320KB RAM, 8MB Flash
DEBUG: Current (esp-builtin) On-board (esp-builtin) External (cmsis-dap, esp-bridge, esp-prog, esp-prog-2, iot-bus-jtag, jlink, minimodule, olimex-arm-usb-ocd, olimex-arm-usb-ocd-h, olimex-arm-usb-tiny-h, olimex-jtag-tiny, tumpa)
PACKAGES: 
 - contrib-piohome @ 3.4.4 
 - framework-arduinoespressif32 @ 3.3.11 
 - framework-arduinoespressif32-libs @ 5.5.5+sha.b774170ff46 
 - tool-esp-rom-elfs @ 2024.10.11 
 - tool-esptoolpy @ 5.3.0 
 - tool-openocd-esp32 @ 2.1200.20260424 (12.0) 
 - tool-xtensa-esp-elf-gdb @ 17.1.0+20260402 
 - toolchain-xtensa-esp-elf @ 14.2.0+20260121
*** WARNING: Windows Long Path Support is disabled ***
*** Enable it for better performance: ***
*** 1. Run as Administrator: gpedit.msc ***
*** 2. Navigate to: Computer Configuration > Administrative Templates > System > Filesystem ***
*** 3. Enable 'Enable Win32 long paths' ***
*** OR run PowerShell as Admin: ***
*** New-ItemProperty -Path 'HKLM:\SYSTEM\CurrentControlSet\Control\FileSystem' -Name 'LongPathsEnabled' -Value 1 -PropertyType DWORD -Force ***
*** Restart required after enabling ***
LDF: Library Dependency Finder -> https://bit.ly/configure-pio-ldf
LDF Modes: Finder ~ chain, Compatibility ~ soft
Found 57 compatible libraries
Scanning dependencies...
Dependency Graph
|-- XPowersLib @ 0.2.9
|-- AsyncTCP @ 3.5.0
|-- ESPAsyncWebServer @ 3.12.0
|-- ArduinoJson @ 7.4.3
|-- GFX Library for Arduino @ 1.6.7
|-- lvgl @ 9.2.2
|-- ESP32_IO_Expander @ 0.0.3
|-- Wire @ 3.3.11
|-- SD_MMC @ 3.3.11
|-- SensorLib @ 0.2.3
|-- es8311
|-- FS @ 3.3.11
|-- WiFi @ 3.3.11
|-- BLE @ 3.3.11
|-- DNSServer @ 3.3.11
|-- Update @ 3.3.11
Building in release mode
Building compilation database compile_commands.json
========================= [SUCCESS] Took 10.15 seconds =========================

Environment                Status    Duration
-------------------------  --------  ------------
waveshare-esp32-s3-amoled  SUCCESS   00:00:10.148
========================= 1 succeeded in 00:00:10.148 =========================
